// Vitest Snapshot v1, https://vitest.dev/guide/snapshot.html

exports[`pr-check.yml — job unused-deps-guard > snapshot da estrutura do job (mudança estrutural exige revisão consciente) 1`] = `
{
  "name": "Unused Deps Guard (package.json hygiene)",
  "runs-on": "self-hosted",
  "steps": [
    {
      "uses": "actions/checkout@v4",
    },
    {
      "name": "Restore Bun cache",
      "uses": "actions/cache@v4",
      "with": {
        "key": "bun-\${{ vars.BUN_VERSION }}-\${{ runner.os }}-\${{ runner.arch }}",
        "path": "~/.bun",
      },
    },
    {
      "name": "Setup Bun",
      "run": "bash scripts/setup-bun-ci.sh "\${{ vars.BUN_VERSION }}"",
      "shell": "bash",
    },
    {
      "name": "Mutation test — unused deps guard sensitivity (fixtures)",
      "run": "bash scripts/test-mutation-unused-deps.sh",
    },
    {
      "name": "Check unused deps (package.json vs code refs)",
      "run": "node scripts/check-unused-deps.mjs",
    },
    {
      "name": "Summary",
      "run": "echo "✅ No unused dependencies — every package.json dep is referenced in code (sharp/@types/CLIs are implicit)."",
    },
  ],
}
`;
